// Jest Snapshot v1, https://goo.gl/fbAQLP

exports[`We test the innerHTML of the Loader Snapshot Loader 1`] = `
<div
  id="loader"
>
  <div
    className="lds-roller"
  >
    <div />
    <div />
    <div />
    <div />
    <div />
    <div />
    <div />
    <div />
  </div>
</div>
`;
