// Jest Snapshot v1, https://goo.gl/fbAQLP

exports[`We test the innerHTML of NavBar Snapshot navBar 1`] = `ReactWrapper {}`;
